\BOOKMARK [0][-]{section*.1}{\376\377\000D\000e\000c\000l\000a\000r\000a\000t\000i\000o\000n}{}% 1
\BOOKMARK [0][-]{section*.3}{\376\377\000A\000p\000p\000r\000o\000v\000a\000l}{}% 2
\BOOKMARK [0][-]{section*.5}{\376\377\000A\000b\000s\000t\000r\000a\000c\000t}{}% 3
\BOOKMARK [0][-]{section*.7}{\376\377\000T\000a\000b\000l\000e\000\040\000o\000f\000\040\000C\000o\000n\000t\000e\000n\000t\000s}{}% 4
\BOOKMARK [0][-]{chapter*.9}{\376\377\000L\000i\000s\000t\000\040\000o\000f\000\040\000F\000i\000g\000u\000r\000e\000s}{}% 5
\BOOKMARK [0][-]{chapter*.10}{\376\377\000L\000i\000s\000t\000\040\000o\000f\000\040\000T\000a\000b\000l\000e\000s}{}% 6
\BOOKMARK [0][-]{chapter.1}{\376\377\000I\000n\000t\000r\000o\000d\000u\000c\000t\000i\000o\000n}{}% 7
\BOOKMARK [1][-]{section.1.1}{\376\377\000B\000a\000c\000k\000g\000r\000o\000u\000n\000d}{chapter.1}% 8
\BOOKMARK [1][-]{section.1.2}{\376\377\000R\000a\000t\000i\000o\000n\000a\000l\000e\000\040\000o\000f\000\040\000t\000h\000e\000\040\000S\000t\000u\000d\000y}{chapter.1}% 9
\BOOKMARK [1][-]{section.1.3}{\376\377\000P\000r\000o\000b\000l\000e\000m\000\040\000S\000t\000a\000t\000e\000m\000e\000n\000t}{chapter.1}% 10
\BOOKMARK [1][-]{section.1.4}{\376\377\000O\000b\000j\000e\000c\000t\000i\000v\000e\000s}{chapter.1}% 11
\BOOKMARK [1][-]{section.1.5}{\376\377\000M\000e\000t\000h\000o\000d\000o\000l\000o\000g\000y\000\040\000i\000n\000\040\000B\000r\000i\000e\000f}{chapter.1}% 12
\BOOKMARK [1][-]{section.1.6}{\376\377\000S\000c\000o\000p\000e\000s\000\040\000a\000n\000d\000\040\000C\000h\000a\000l\000l\000e\000n\000g\000e\000s}{chapter.1}% 13
\BOOKMARK [0][-]{chapter.2}{\376\377\000L\000i\000t\000e\000r\000a\000t\000u\000r\000e\000\040\000R\000e\000v\000i\000e\000w}{}% 14
\BOOKMARK [1][-]{section.2.1}{\376\377\000P\000r\000e\000l\000i\000m\000i\000n\000a\000r\000i\000e\000s}{chapter.2}% 15
\BOOKMARK [2][-]{subsection.2.1.1}{\376\377\000M\000u\000l\000t\000i\000v\000a\000r\000i\000a\000t\000e\000\040\000T\000i\000m\000e\000-\000S\000e\000r\000i\000e\000s\000\040\000a\000n\000d\000\040\000N\000o\000n\000-\000S\000t\000a\000t\000i\000o\000n\000a\000r\000i\000t\000y}{section.2.1}% 16
\BOOKMARK [2][-]{subsection.2.1.2}{\376\377\000B\000l\000a\000c\000k\000\040\000H\000o\000l\000e\000s\000\040\000a\000n\000d\000\040\000A\000c\000c\000r\000e\000t\000i\000o\000n}{section.2.1}% 17
\BOOKMARK [2][-]{subsection.2.1.3}{\376\377\000F\000u\000n\000d\000a\000m\000e\000n\000t\000a\000l\000s\000\040\000o\000f\000\040\000C\000a\000u\000s\000a\000l\000\040\000I\000n\000f\000e\000r\000e\000n\000c\000e}{section.2.1}% 18
\BOOKMARK [2][-]{subsection.2.1.4}{\376\377\000U\000n\000s\000u\000p\000e\000r\000v\000i\000s\000e\000d\000\040\000L\000e\000a\000r\000n\000i\000n\000g\000\040\000a\000n\000d\000\040\000C\000l\000u\000s\000t\000e\000r\000i\000n\000g}{section.2.1}% 19
\BOOKMARK [2][-]{subsection.2.1.5}{\376\377\000D\000y\000n\000a\000m\000i\000c\000\040\000C\000a\000u\000s\000a\000l\000\040\000M\000o\000d\000e\000l\000s\000\040\000a\000n\000d\000\040\000T\000i\000m\000e\000-\000S\000e\000r\000i\000e\000s\000\040\000G\000r\000a\000p\000h\000s}{section.2.1}% 20
\BOOKMARK [2][-]{subsection.2.1.6}{\376\377\000A\000l\000g\000o\000r\000i\000t\000h\000m\000i\000c\000\040\000F\000r\000a\000m\000e\000w\000o\000r\000k\000\040\000f\000o\000r\000\040\000R\000e\000g\000i\000m\000e\000\040\000D\000e\000t\000e\000c\000t\000i\000o\000n\000\040\000a\000n\000d\000\040\000C\000a\000u\000s\000a\000l\000\040\000D\000i\000s\000c\000o\000v\000e\000r\000y}{section.2.1}% 21
\BOOKMARK [1][-]{section.2.2}{\376\377\000C\000a\000u\000s\000a\000l\000\040\000D\000i\000s\000c\000o\000v\000e\000r\000y\000\040\000a\000n\000d\000\040\000T\000i\000m\000e\000\040\000S\000e\000r\000i\000e\000s\000:\000\040\000P\000r\000o\000g\000r\000e\000s\000s\000\040\000a\000n\000d\000\040\000K\000e\000y\000\040\000F\000i\000n\000d\000i\000n\000g\000s}{chapter.2}% 22
\BOOKMARK [2][-]{subsection.2.2.1}{\376\377\000G\000r\000a\000p\000h\000i\000c\000a\000l\000\040\000C\000a\000u\000s\000a\000l\000\040\000D\000i\000s\000c\000o\000v\000e\000r\000y}{section.2.2}% 23
\BOOKMARK [2][-]{subsection.2.2.2}{\376\377\000H\000e\000t\000e\000r\000o\000g\000e\000n\000e\000i\000t\000y\000,\000\040\000N\000o\000n\000-\000s\000t\000a\000t\000i\000o\000n\000a\000r\000i\000t\000y\000,\000\040\000a\000n\000d\000\040\000M\000e\000c\000h\000a\000n\000i\000s\000m\000\040\000S\000h\000i\000f\000t\000s}{section.2.2}% 24
\BOOKMARK [2][-]{subsection.2.2.3}{\376\377\000C\000a\000u\000s\000a\000l\000\040\000D\000i\000s\000c\000o\000v\000e\000r\000y\000\040\000f\000o\000r\000\040\000T\000i\000m\000e\000\040\000S\000e\000r\000i\000e\000s\000\040\000\050\000S\000t\000a\000t\000i\000o\000n\000a\000r\000y\000\040\000a\000n\000d\000\040\000N\000o\000n\000-\000s\000t\000a\000t\000i\000o\000n\000a\000r\000y\000\051}{section.2.2}% 25
\BOOKMARK [2][-]{subsection.2.2.4}{\376\377\000D\000e\000e\000p\000-\000l\000e\000a\000r\000n\000i\000n\000g\000\040\000a\000n\000d\000\040\000G\000r\000a\000n\000g\000e\000r\000-\000b\000a\000s\000e\000d\000\040\000M\000e\000t\000h\000o\000d\000s}{section.2.2}% 26
\BOOKMARK [2][-]{subsection.2.2.5}{\376\377\000T\000e\000m\000p\000o\000r\000a\000l\000\040\000C\000a\000u\000s\000a\000l\000\040\000D\000i\000s\000c\000o\000v\000e\000r\000y\000\040\000w\000i\000t\000h\000\040\000U\000n\000k\000n\000o\000w\000n\000\040\000R\000e\000g\000i\000m\000e\000s\000:\000\040\000C\000A\000S\000T\000O\000R}{section.2.2}% 27
\BOOKMARK [2][-]{subsection.2.2.6}{\376\377\000C\000o\000n\000t\000i\000n\000u\000o\000u\000s\000l\000y\000\040\000E\000v\000o\000l\000v\000i\000n\000g\000\040\000C\000a\000u\000s\000a\000l\000\040\000S\000t\000r\000u\000c\000t\000u\000r\000e\000:\000\040\000D\000y\000C\000A\000S\000T}{section.2.2}% 28
\BOOKMARK [2][-]{subsection.2.2.7}{\376\377\000C\000h\000a\000l\000l\000e\000n\000g\000e\000s\000\040\000a\000n\000d\000\040\000M\000e\000t\000h\000o\000d\000o\000l\000o\000g\000i\000c\000a\000l\000\040\000T\000h\000e\000m\000e\000s}{section.2.2}% 29
\BOOKMARK [2][-]{subsection.2.2.8}{\376\377\000C\000o\000n\000c\000l\000u\000s\000i\000o\000n\000\040\000o\000f\000\040\000t\000h\000e\000\040\000S\000u\000r\000v\000e\000y}{section.2.2}% 30
\BOOKMARK [1][-]{section.2.3}{\376\377\000F\000o\000u\000n\000d\000a\000t\000i\000o\000n\000s\000\040\000o\000f\000\040\000C\000a\000u\000s\000a\000l\000\040\000D\000i\000s\000c\000o\000v\000e\000r\000y}{chapter.2}% 31
\BOOKMARK [2][-]{subsection.2.3.1}{\376\377\000C\000a\000u\000s\000a\000l\000\040\000D\000i\000s\000c\000o\000v\000e\000r\000y\000\040\000f\000r\000o\000m\000\040\000N\000o\000n\000s\000t\000a\000t\000i\000o\000n\000a\000r\000y\000\040\000a\000n\000d\000\040\000H\000e\000t\000e\000r\000o\000g\000e\000n\000e\000o\000u\000s\000\040\000D\000a\000t\000a}{section.2.3}% 32
\BOOKMARK [2][-]{subsection.2.3.2}{\376\377\000M\000i\000x\000t\000u\000r\000e\000\040\000M\000o\000d\000e\000l\000s\000\040\000a\000n\000d\000\040\000C\000a\000u\000s\000a\000l\000\040\000C\000l\000u\000s\000t\000e\000r\000i\000n\000g}{section.2.3}% 33
\BOOKMARK [2][-]{subsection.2.3.3}{\376\377\000J\000o\000i\000n\000t\000\040\000C\000a\000u\000s\000a\000l\000\040\000I\000n\000f\000e\000r\000e\000n\000c\000e\000\040\000f\000r\000o\000m\000\040\000M\000u\000l\000t\000i\000p\000l\000e\000\040\000C\000o\000n\000t\000e\000x\000t\000s}{section.2.3}% 34
\BOOKMARK [1][-]{section.2.4}{\376\377\000S\000u\000m\000m\000a\000r\000y\000\040\000o\000f\000\040\000K\000e\000y\000\040\000F\000i\000n\000d\000i\000n\000g\000s}{chapter.2}% 35
\BOOKMARK [2][-]{subsection.2.4.1}{\376\377\000M\000e\000t\000h\000o\000d\000o\000l\000o\000g\000i\000c\000a\000l\000\040\000T\000r\000e\000n\000d\000s}{section.2.4}% 36
\BOOKMARK [2][-]{subsection.2.4.2}{\376\377\000C\000o\000n\000s\000i\000s\000t\000e\000n\000t\000\040\000F\000i\000n\000d\000i\000n\000g\000s}{section.2.4}% 37
\BOOKMARK [2][-]{subsection.2.4.3}{\376\377\000C\000o\000n\000t\000r\000a\000d\000i\000c\000t\000i\000o\000n\000s\000\040\000a\000n\000d\000\040\000L\000i\000m\000i\000t\000a\000t\000i\000o\000n\000s}{section.2.4}% 38
\BOOKMARK [2][-]{subsection.2.4.4}{\376\377\000R\000e\000s\000e\000a\000r\000c\000h\000\040\000G\000a\000p\000s}{section.2.4}% 39
\BOOKMARK [0][-]{chapter.3}{\376\377\000R\000e\000q\000u\000i\000r\000e\000m\000e\000n\000t\000s\000,\000\040\000I\000m\000p\000a\000c\000t\000s\000\040\000a\000n\000d\000\040\000C\000o\000n\000s\000t\000r\000a\000i\000n\000t\000s}{}% 40
\BOOKMARK [1][-]{section.3.1}{\376\377\000P\000r\000o\000j\000e\000c\000t\000\040\000M\000a\000n\000a\000g\000e\000m\000e\000n\000t\000\040\000P\000l\000a\000n}{chapter.3}% 41
\BOOKMARK [1][-]{section.3.2}{\376\377\000R\000i\000s\000k\000\040\000M\000a\000n\000a\000g\000e\000m\000e\000n\000t}{chapter.3}% 42
\BOOKMARK [0][-]{chapter.4}{\376\377\000P\000r\000o\000p\000o\000s\000e\000d\000\040\000M\000e\000t\000h\000o\000d\000o\000l\000o\000g\000y}{}% 43
\BOOKMARK [1][-]{section.4.1}{\376\377\000O\000v\000e\000r\000v\000i\000e\000w}{chapter.4}% 44
\BOOKMARK [1][-]{section.4.2}{\376\377\000L\000o\000g\000-\000s\000p\000a\000c\000e\000\040\000l\000i\000n\000e\000a\000r\000i\000s\000a\000t\000i\000o\000n}{chapter.4}% 45
\BOOKMARK [1][-]{section.4.3}{\376\377\000T\000h\000e\000\040\000s\000t\000r\000u\000c\000t\000u\000r\000a\000l\000\040\000m\000o\000d\000e\000l}{chapter.4}% 46
\BOOKMARK [2][-]{subsection.4.3.1}{\376\377\000A\000b\000s\000o\000r\000p\000t\000i\000o\000n\000\040\000o\000f\000\040\000b\000l\000a\000c\000k\000\040\000h\000o\000l\000e\000\040\000m\000a\000s\000s}{section.4.3}% 47
\BOOKMARK [2][-]{subsection.4.3.2}{\376\377\000S\000p\000e\000c\000t\000r\000a\000l\000-\000s\000t\000a\000t\000e\000\040\000v\000a\000r\000i\000a\000b\000l\000e\000s}{section.4.3}% 48
\BOOKMARK [2][-]{subsection.4.3.3}{\376\377\000T\000h\000e\000\040\000a\000u\000t\000o\000r\000e\000g\000r\000e\000s\000s\000i\000v\000e\000\040\000e\000x\000t\000e\000n\000s\000i\000o\000n}{section.4.3}% 49
\BOOKMARK [2][-]{subsection.4.3.4}{\376\377\000C\000h\000o\000i\000c\000e\000\040\000o\000f\000\040\000e\000s\000t\000i\000m\000a\000t\000o\000r}{section.4.3}% 50
\BOOKMARK [2][-]{subsection.4.3.5}{\376\377\000D\000e\000s\000i\000g\000n\000\040\000m\000a\000t\000r\000i\000x}{section.4.3}% 51
\BOOKMARK [1][-]{section.4.4}{\376\377\000G\000a\000t\000e\000\040\0001\000:\000\040\000t\000h\000e\000\040\000l\000a\000g\000g\000e\000d\000\040\000C\000h\000o\000w\000\040\000t\000e\000s\000t}{chapter.4}% 52
\BOOKMARK [2][-]{subsection.4.4.1}{\376\377\000H\000y\000p\000o\000t\000h\000e\000s\000i\000s\000\040\000a\000n\000d\000\040\000i\000n\000t\000u\000i\000t\000i\000o\000n}{section.4.4}% 53
\BOOKMARK [2][-]{subsection.4.4.2}{\376\377\000C\000o\000n\000s\000t\000r\000u\000c\000t\000i\000o\000n}{section.4.4}% 54
\BOOKMARK [2][-]{subsection.4.4.3}{\376\377\000D\000e\000g\000r\000e\000e\000s\000\040\000o\000f\000\040\000f\000r\000e\000e\000d\000o\000m}{section.4.4}% 55
\BOOKMARK [2][-]{subsection.4.4.4}{\376\377\000D\000i\000s\000t\000r\000i\000b\000u\000t\000i\000o\000n}{section.4.4}% 56
\BOOKMARK [1][-]{section.4.5}{\376\377\000L\000o\000c\000a\000t\000i\000n\000g\000\040\000t\000h\000e\000\040\000b\000o\000u\000n\000d\000a\000r\000y\000\040\000a\000n\000d\000\040\000G\000a\000t\000e\000\040\0002}{chapter.4}% 57
\BOOKMARK [2][-]{subsection.4.5.1}{\376\377\000B\000i\000n\000a\000r\000y\000\040\000s\000e\000g\000m\000e\000n\000t\000a\000t\000i\000o\000n}{section.4.5}% 58
\BOOKMARK [2][-]{subsection.4.5.2}{\376\377\000D\000e\000r\000i\000v\000a\000t\000i\000o\000n\000\040\000o\000f\000\040\000t\000h\000e\000\040\000B\000I\000C\000\040\000c\000r\000i\000t\000e\000r\000i\000o\000n}{section.4.5}% 59
\BOOKMARK [2][-]{subsection.4.5.3}{\376\377\000W\000h\000y\000\040\000B\000I\000C\000\040\000r\000a\000t\000h\000e\000r\000\040\000t\000h\000a\000n\000\040\000A\000I\000C}{section.4.5}% 60
\BOOKMARK [2][-]{subsection.4.5.4}{\376\377\000T\000h\000e\000\040\000t\000w\000o\000-\000g\000a\000t\000e\000\040\000d\000e\000s\000i\000g\000n}{section.4.5}% 61
\BOOKMARK [1][-]{section.4.6}{\376\377\000I\000d\000e\000n\000t\000i\000f\000i\000a\000b\000i\000l\000i\000t\000y}{chapter.4}% 62
\BOOKMARK [1][-]{section.4.7}{\376\377\000S\000t\000a\000g\000e\000\040\0002\000:\000\040\000r\000e\000g\000i\000m\000e\000-\000s\000p\000e\000c\000i\000f\000i\000c\000\040\000c\000a\000u\000s\000a\000l\000\040\000g\000r\000a\000p\000h\000s}{chapter.4}% 63
\BOOKMARK [1][-]{section.4.8}{\376\377\000S\000t\000a\000g\000e\000\040\0003\000:\000\040\000c\000a\000u\000s\000a\000l\000\040\000e\000f\000f\000e\000c\000t\000\040\000e\000s\000t\000i\000m\000a\000t\000i\000o\000n\000\040\000a\000n\000d\000\040\000v\000a\000l\000i\000d\000a\000t\000i\000o\000n}{chapter.4}% 64
\BOOKMARK [1][-]{section.4.9}{\376\377\000P\000a\000r\000a\000m\000e\000t\000e\000r\000\040\000s\000u\000m\000m\000a\000r\000y}{chapter.4}% 65
\BOOKMARK [0][-]{chapter.5}{\376\377\000E\000x\000p\000e\000r\000i\000m\000e\000n\000t\000a\000l\000\040\000V\000a\000l\000i\000d\000a\000t\000i\000o\000n}{}% 66
\BOOKMARK [1][-]{section.5.1}{\376\377\000E\000x\000p\000e\000r\000i\000m\000e\000n\000t\000a\000l\000\040\000d\000e\000s\000i\000g\000n}{chapter.5}% 67
\BOOKMARK [2][-]{subsection.5.1.1}{\376\377\000R\000a\000t\000i\000o\000n\000a\000l\000e\000\040\000f\000o\000r\000\040\000s\000y\000n\000t\000h\000e\000t\000i\000c\000\040\000v\000a\000l\000i\000d\000a\000t\000i\000o\000n}{section.5.1}% 68
\BOOKMARK [2][-]{subsection.5.1.2}{\376\377\000G\000e\000n\000e\000r\000a\000t\000i\000n\000g\000\040\000p\000r\000o\000c\000e\000s\000s}{section.5.1}% 69
\BOOKMARK [2][-]{subsection.5.1.3}{\376\377\000W\000h\000y\000\040\000e\000q\000u\000a\000l\000\040\000m\000e\000a\000n\000s\000\040\000a\000r\000e\000\040\000n\000e\000c\000e\000s\000s\000a\000r\000y\000\040\000f\000o\000r\000\040\000a\000\040\000v\000a\000l\000i\000d\000\040\000t\000e\000s\000t}{section.5.1}% 70
\BOOKMARK [2][-]{subsection.5.1.4}{\376\377\000G\000r\000o\000u\000n\000d\000-\000t\000r\000u\000t\000h\000\040\000s\000t\000r\000u\000c\000t\000u\000r\000e\000s}{section.5.1}% 71
\BOOKMARK [1][-]{section.5.2}{\376\377\000V\000a\000l\000i\000d\000a\000t\000i\000o\000n\000\040\000o\000f\000\040\000t\000h\000e\000\040\000a\000u\000t\000o\000r\000e\000g\000r\000e\000s\000s\000i\000v\000e\000\040\000e\000x\000t\000e\000n\000s\000i\000o\000n}{chapter.5}% 72
\BOOKMARK [1][-]{section.5.3}{\376\377\000R\000e\000g\000i\000m\000e\000\040\000d\000i\000s\000c\000o\000v\000e\000r\000y}{chapter.5}% 73
\BOOKMARK [2][-]{subsection.5.3.1}{\376\377\000B\000o\000u\000n\000d\000a\000r\000y\000\040\000l\000o\000c\000a\000l\000i\000s\000a\000t\000i\000o\000n}{section.5.3}% 74
\BOOKMARK [2][-]{subsection.5.3.2}{\376\377\000O\000p\000e\000r\000a\000t\000i\000o\000n\000\040\000o\000f\000\040\000t\000h\000e\000\040\000t\000w\000o\000\040\000g\000a\000t\000e\000s}{section.5.3}% 75
\BOOKMARK [2][-]{subsection.5.3.3}{\376\377\000C\000o\000m\000p\000a\000r\000i\000s\000o\000n\000\040\000a\000g\000a\000i\000n\000s\000t\000\040\000s\000t\000r\000u\000c\000t\000u\000r\000e\000-\000b\000l\000i\000n\000d\000\040\000b\000a\000s\000e\000l\000i\000n\000e\000s}{section.5.3}% 76
\BOOKMARK [1][-]{section.5.4}{\376\377\000S\000t\000r\000u\000c\000t\000u\000r\000a\000l\000\040\000c\000o\000e\000f\000f\000i\000c\000i\000e\000n\000t\000\040\000r\000e\000c\000o\000v\000e\000r\000y}{chapter.5}% 77
\BOOKMARK [2][-]{subsection.5.4.1}{\376\377\000T\000h\000e\000\040\000p\000o\000o\000l\000e\000d\000-\000m\000o\000d\000e\000l\000\040\000b\000a\000s\000e\000l\000i\000n\000e}{section.5.4}% 78
\BOOKMARK [1][-]{section.5.5}{\376\377\000R\000e\000g\000i\000m\000e\000-\000s\000p\000e\000c\000i\000f\000i\000c\000\040\000c\000a\000u\000s\000a\000l\000\040\000g\000r\000a\000p\000h\000\040\000r\000e\000c\000o\000v\000e\000r\000y}{chapter.5}% 79
\BOOKMARK [1][-]{section.5.6}{\376\377\000C\000a\000u\000s\000a\000l\000\040\000e\000f\000f\000e\000c\000t\000\040\000e\000s\000t\000i\000m\000a\000t\000i\000o\000n\000\040\000a\000n\000d\000\040\000v\000a\000l\000i\000d\000a\000t\000i\000o\000n}{chapter.5}% 80
\BOOKMARK [2][-]{subsection.5.6.1}{\376\377\000E\000f\000f\000e\000c\000t\000\040\000e\000s\000t\000i\000m\000a\000t\000e\000s}{section.5.6}% 81
\BOOKMARK [2][-]{subsection.5.6.2}{\376\377\000S\000e\000n\000s\000i\000t\000i\000v\000i\000t\000y\000\040\000t\000o\000\040\000u\000n\000o\000b\000s\000e\000r\000v\000e\000d\000\040\000c\000o\000n\000f\000o\000u\000n\000d\000i\000n\000g}{section.5.6}% 82
\BOOKMARK [2][-]{subsection.5.6.3}{\376\377\000G\000r\000a\000p\000h\000\040\000f\000a\000l\000s\000i\000f\000i\000c\000a\000t\000i\000o\000n}{section.5.6}% 83
\BOOKMARK [1][-]{section.5.7}{\376\377\000S\000u\000m\000m\000a\000r\000y\000\040\000o\000f\000\040\000v\000a\000l\000i\000d\000a\000t\000i\000o\000n\000\040\000o\000u\000t\000c\000o\000m\000e\000s}{chapter.5}% 84
\BOOKMARK [0][-]{chapter.6}{\376\377\000C\000o\000n\000c\000l\000u\000s\000i\000o\000n}{}% 85
\BOOKMARK [0][-]{chapter*.80}{\376\377\000B\000i\000b\000l\000i\000o\000g\000r\000a\000p\000h\000y}{}% 86
